// Jest Snapshot v1, https://goo.gl/fbAQLP

exports[`DatasetListHeader.vue should render correct contents 1`] = `
<div class="dataset-list-row">
  <div class="viz-column--main-info">
    <div class="dataset-list-cell cell cell--start"></div>
    <div class="dataset-list-cell cell cell--main"><span class="text element-sort is-small is-txtSoftGrey">
        DatasetListHeader.name
      </span></div>
  </div>
  <div class="viz-column--extra-info">
    <div class="viz-column--status">
      <div class="dataset-list-cell cell cell--large"><span class="text element-sort is-small is-txtSoftGrey">
          DatasetListHeader.lastModified
        </span></div>
      <div class="dataset-list-cell cell cell--small"><span class="text element-sort is-small is-txtSoftGrey">
          DatasetListHeader.rows
        </span></div>
      <div class="dataset-list-cell cell cell--small"><span class="text element-sort is-small is-txtSoftGrey is-active">
          DatasetListHeader.size
        </span></div>
    </div>
    <div class="viz-column--share">
      <div class="dataset-list-cell cell cell--small"><span class="text element-sort is-small is-txtSoftGrey">
          DatasetListHeader.usage
        </span></div>
      <div class="dataset-list-cell cell cell--small"><span class="text element-sort is-small is-txtSoftGrey">
          DatasetListHeader.privacy
        </span></div>
      <div class="dataset-list-cell cell cell--end"></div>
    </div>
  </div>
</div>
`;
